{"level":"info","message":"Connected to rabbit mq","service":"post-service","timestamp":"2026-08-24T05:40:13.611Z"}
{"level":"info","message":"Subscribed to event: post.deleted","service":"post-service","timestamp":"2026-08-24T05:40:13.926Z"}
{"level":"info","message":"Media service running on port 3003","service":"post-service","timestamp":"2026-08-24T05:40:13.937Z"}
{"level":"info","message":"Connected to mongodb","service":"post-service","timestamp":"2026-08-24T05:40:14.105Z"}
{"level":"info","message":"Received POST request to /api/media/upload","service":"post-service","timestamp":"2026-08-24T13:01:30.960Z"}
{"level":"info","message":"Request body, undefined","service":"post-service","timestamp":"2026-08-24T13:01:30.989Z"}
{"level":"info","message":"Starting media upload","service":"post-service","timestamp":"2026-08-24T13:01:31.060Z"}
{"level":"info","message":"File details: name=Atta.jpg, type=image/jpeg","service":"post-service","timestamp":"2026-08-24T13:01:31.090Z"}
{"level":"info","message":"Uploading to cloudinary starting...","service":"post-service","timestamp":"2026-08-24T13:01:31.093Z"}
{"level":"info","message":"Cloudinary upload successfully. Public Id: - qzao0mglckhtvxldm7mc","service":"post-service","timestamp":"2026-08-24T13:01:33.253Z"}
{"level":"info","message":"Received POST request to /api/media/upload","service":"post-service","timestamp":"2026-08-24T17:31:35.186Z"}
{"level":"info","message":"Request body, undefined","service":"post-service","timestamp":"2026-08-24T17:31:35.240Z"}
{"level":"info","message":"Starting media upload","service":"post-service","timestamp":"2026-08-24T17:31:35.328Z"}
{"level":"info","message":"File details: name=Atta.jpg, type=image/jpeg","service":"post-service","timestamp":"2026-08-24T17:31:35.355Z"}
{"level":"info","message":"Uploading to cloudinary starting...","service":"post-service","timestamp":"2026-08-24T17:31:35.356Z"}
{"level":"info","message":"Cloudinary upload successfully. Public Id: - cukdzjf72g3nk5mfzwzi","service":"post-service","timestamp":"2026-08-24T17:31:37.726Z"}
{"0":"E","1":"r","10":"r","11":"e","12":"d","13":" ","14":"w","15":"h","16":"i","17":"l","18":"e","19":" ","2":"r","20":"m","21":"e","22":"d","23":"i","24":"a","25":" ","26":"d","27":"e","28":"l","29":"e","3":"o","30":"t","31":"i","32":"o","33":"n","4":"r","5":" ","6":"o","7":"c","8":"c","9":"u","kind":"ObjectId","level":"error","message":"Cast to ObjectId failed for value \"qzao0mglckhtvxldm7mc\" (type string) at path \"_id\" for model \"Media\"","path":"_id","reason":{},"service":"post-service","stack":"CastError: Cast to ObjectId failed for value \"qzao0mglckhtvxldm7mc\" (type string) at path \"_id\" for model \"Media\"\n    at SchemaObjectId.cast (D:\\social-media-microservices\\media-service\\node_modules\\mongoose\\lib\\schema\\objectId.js:252:11)\n    at SchemaType.applySetters (D:\\social-media-microservices\\media-service\\node_modules\\mongoose\\lib\\schemaType.js:1395:12)\n    at SchemaType.castForQuery (D:\\social-media-microservices\\media-service\\node_modules\\mongoose\\lib\\schemaType.js:1815:17)\n    at D:\\social-media-microservices\\media-service\\node_modules\\mongoose\\lib\\schemaType.js:1770:18\n    at Array.map (<anonymous>)\n    at SchemaObjectId.handle$in (D:\\social-media-microservices\\media-service\\node_modules\\mongoose\\lib\\schemaType.js:1766:14)\n    at SchemaType.castForQuery (D:\\social-media-microservices\\media-service\\node_modules\\mongoose\\lib\\schemaType.js:1811:20)\n    at cast (D:\\social-media-microservices\\media-service\\node_modules\\mongoose\\lib\\cast.js:363:39)\n    at Query.cast (D:\\social-media-microservices\\media-service\\node_modules\\mongoose\\lib\\query.js:5228:12)\n    at Query._castConditions (D:\\social-media-microservices\\media-service\\node_modules\\mongoose\\lib\\query.js:2411:10)","stringValue":"\"qzao0mglckhtvxldm7mc\"","timestamp":"2026-08-24T18:06:28.150Z","value":"qzao0mglckhtvxldm7mc","valueType":"string"}
{"0":"q","1":"z","10":"h","11":"t","12":"v","13":"x","14":"l","15":"d","16":"m","17":"7","18":"m","19":"c","2":"a","3":"o","4":"0","5":"m","6":"g","7":"l","8":"c","9":"k","level":"info","message":"Media deleted successfuly from cloud stroage","service":"post-service","timestamp":"2026-08-24T18:15:32.412Z"}
{"level":"info","message":"Deleted medua 6a8c40ade8e708fb4b5f3f39 associated with this deleted post 6a8c8a16a3f53128326ecf48","service":"post-service","timestamp":"2026-08-24T18:15:32.483Z"}
{"level":"info","message":"Processed deletion of media for post id 6a8c8a16a3f53128326ecf48","service":"post-service","timestamp":"2026-08-24T18:15:32.484Z"}
